\BOOKMARK [1][-]{section.1}{\376\377\000E\000x\000e\000c\000u\000t\000i\000v\000e\000\040\000S\000u\000m\000m\000a\000r\000y}{}% 1
\BOOKMARK [2][-]{subsection.1.1}{\376\377\000K\000e\000y\000\040\000S\000t\000a\000t\000i\000s\000t\000i\000c\000s}{section.1}% 2
\BOOKMARK [1][-]{section.2}{\376\377\000F\000u\000n\000c\000t\000i\000o\000n\000\040\000I\000n\000v\000e\000n\000t\000o\000r\000y}{}% 3
\BOOKMARK [2][-]{subsection.2.1}{\376\377\000C\000o\000m\000p\000l\000e\000t\000e\000\040\000F\000u\000n\000c\000t\000i\000o\000n\000\040\000L\000i\000s\000t}{section.2}% 4
\BOOKMARK [1][-]{section.3}{\376\377\000D\000e\000t\000a\000i\000l\000e\000d\000\040\000F\000u\000n\000c\000t\000i\000o\000n\000\040\000D\000e\000s\000c\000r\000i\000p\000t\000i\000o\000n\000s}{}% 5
\BOOKMARK [2][-]{subsection.3.1}{\376\377\000E\000n\000t\000r\000y\000\040\000P\000o\000i\000n\000t\000\040\000a\000n\000d\000\040\000C\000o\000r\000e\000\040\000W\000o\000r\000k\000f\000l\000o\000w}{section.3}% 6
\BOOKMARK [3][-]{subsubsection.3.1.1}{\376\377\000m\000a\000i\000n\000\050\000\051\000\040\000-\000\040\000L\000i\000n\000e\000\040\0006\0000\0006\0007}{subsection.3.1}% 7
\BOOKMARK [3][-]{subsubsection.3.1.2}{\376\377\000e\000x\000t\000r\000a\000c\000t\000\137\000p\000o\000l\000y\000g\000o\000n\000\137\000f\000a\000c\000e\000s\000\137\000f\000r\000o\000m\000\137\000c\000o\000n\000n\000e\000c\000t\000i\000v\000i\000t\000y\000\050\000\051\000\040\000-\000\040\000L\000i\000n\000e\000\040\0002\0002\0008\0003}{subsection.3.1}% 8
\BOOKMARK [2][-]{subsection.3.2}{\376\377\000F\000a\000c\000e\000\040\000E\000x\000t\000r\000a\000c\000t\000i\000o\000n\000\040\000a\000n\000d\000\040\000A\000n\000a\000l\000y\000s\000i\000s}{section.3}% 9
\BOOKMARK [3][-]{subsubsection.3.2.1}{\376\377\000e\000x\000t\000r\000a\000c\000t\000\137\000a\000n\000d\000\137\000v\000i\000s\000u\000a\000l\000i\000z\000e\000\137\000f\000a\000c\000e\000s\000\050\000\051\000\040\000-\000\040\000L\000i\000n\000e\000\040\0006\0002\0003}{subsection.3.2}% 10
\BOOKMARK [3][-]{subsubsection.3.2.2}{\376\377\000c\000l\000a\000s\000s\000i\000f\000y\000\137\000f\000a\000c\000e\000s\000\137\000b\000y\000\137\000p\000r\000o\000j\000e\000c\000t\000i\000o\000n\000\050\000\051\000\040\000-\000\040\000L\000i\000n\000e\000\040\0001\0003\0001\0005}{subsection.3.2}% 11
\BOOKMARK [2][-]{subsection.3.3}{\376\377\000C\000o\000n\000n\000e\000c\000t\000i\000v\000i\000t\000y\000\040\000M\000a\000t\000r\000i\000x\000\040\000G\000e\000n\000e\000r\000a\000t\000i\000o\000n}{section.3}% 12
\BOOKMARK [3][-]{subsubsection.3.3.1}{\376\377\000c\000r\000e\000a\000t\000e\000\137\000v\000i\000e\000w\000\137\000c\000o\000n\000n\000e\000c\000t\000i\000v\000i\000t\000y\000\137\000m\000a\000t\000r\000i\000x\000\050\000\051\000\040\000-\000\040\000L\000i\000n\000e\000\040\0001\0007\0000\0009}{subsection.3.3}% 13
\BOOKMARK [3][-]{subsubsection.3.3.2}{\376\377\000b\000u\000i\000l\000d\000\137\000m\000e\000r\000g\000e\000d\000\137\000c\000o\000n\000n\000e\000c\000t\000i\000v\000i\000t\000y\000\137\000m\000a\000t\000r\000i\000x\000\050\000\051\000\040\000-\000\040\000L\000i\000n\000e\000\040\0002\0006}{subsection.3.3}% 14
\BOOKMARK [2][-]{subsection.3.4}{\376\377\000V\000i\000s\000u\000a\000l\000i\000z\000a\000t\000i\000o\000n\000\040\000F\000u\000n\000c\000t\000i\000o\000n\000s}{section.3}% 15
\BOOKMARK [3][-]{subsubsection.3.4.1}{\376\377\000p\000l\000o\000t\000\137\000f\000o\000u\000r\000\137\000v\000i\000e\000w\000s\000\050\000\051\000\040\000-\000\040\000L\000i\000n\000e\000\040\0001\0008\0007\0003}{subsection.3.4}% 16
\BOOKMARK [3][-]{subsubsection.3.4.2}{\376\377\000v\000i\000s\000u\000a\000l\000i\000z\000e\000\137\0003\000d\000\137\000s\000o\000l\000i\000d\000\050\000\051\000\040\000-\000\040\000L\000i\000n\000e\000\040\0001\0001\0009\0004}{subsection.3.4}% 17
\BOOKMARK [3][-]{subsubsection.3.4.3}{\376\377\000p\000l\000o\000t\000\137\000e\000x\000t\000r\000a\000c\000t\000e\000d\000\137\000p\000o\000l\000y\000g\000o\000n\000\137\000f\000a\000c\000e\000s\000\050\000\051\000\040\000-\000\040\000L\000i\000n\000e\000\040\0005\0009\0002\0006}{subsection.3.4}% 18
\BOOKMARK [3][-]{subsubsection.3.4.4}{\376\377\000p\000l\000o\000t\000\137\000a\000r\000r\000a\000y\000s\000\137\000v\000i\000s\000u\000a\000l\000i\000z\000a\000t\000i\000o\000n\000\050\000\051\000\040\000-\000\040\000L\000i\000n\000e\000\040\0009\0003\0002}{subsection.3.4}% 19
\BOOKMARK [2][-]{subsection.3.5}{\376\377\000G\000e\000o\000m\000e\000t\000r\000y\000\040\000H\000e\000l\000p\000e\000r\000\040\000F\000u\000n\000c\000t\000i\000o\000n\000s}{section.3}% 20
\BOOKMARK [3][-]{subsubsection.3.5.1}{\376\377\000g\000e\000t\000\137\000f\000a\000c\000e\000\137\000n\000o\000r\000m\000a\000l\000\137\000f\000r\000o\000m\000\137\000o\000p\000e\000n\000c\000a\000s\000c\000a\000d\000e\000\050\000\051\000\040\000-\000\040\000L\000i\000n\000e\000\040\0003\0005\0003}{subsection.3.5}% 21
\BOOKMARK [3][-]{subsubsection.3.5.2}{\376\377\000e\000x\000t\000r\000a\000c\000t\000\137\000w\000i\000r\000e\000\137\000v\000e\000r\000t\000i\000c\000e\000s\000\137\000i\000n\000\137\000s\000e\000q\000u\000e\000n\000c\000e\000\050\000\051\000\040\000-\000\040\000L\000i\000n\000e\000\040\0004\0005\0008}{subsection.3.5}% 22
\BOOKMARK [3][-]{subsubsection.3.5.3}{\376\377\000p\000r\000o\000j\000e\000c\000t\000\137\000f\000a\000c\000e\000\137\000t\000o\000\137\000p\000r\000o\000j\000e\000c\000t\000i\000o\000n\000\137\000p\000l\000a\000n\000e\000\050\000\051\000\040\000-\000\040\000L\000i\000n\000e\000\040\0001\0006\0006\0008}{subsection.3.5}% 23
\BOOKMARK [3][-]{subsubsection.3.5.4}{\376\377\000f\000i\000n\000d\000\137\000i\000n\000t\000e\000r\000i\000o\000r\000\137\000p\000o\000i\000n\000t\000\050\000\051\000\040\000-\000\040\000L\000i\000n\000e\000\040\0007\0008\0003}{subsection.3.5}% 24
\BOOKMARK [3][-]{subsubsection.3.5.5}{\376\377\000i\000n\000t\000e\000r\000s\000e\000c\000t\000\137\000l\000i\000n\000e\000\137\000w\000i\000t\000h\000\137\000f\000a\000c\000e\000\050\000\051\000\040\000-\000\040\000L\000i\000n\000e\000\040\0008\0001\0000}{subsection.3.5}% 25
\BOOKMARK [3][-]{subsubsection.3.5.6}{\376\377\000c\000a\000l\000c\000u\000l\000a\000t\000e\000\137\000d\000e\000p\000t\000h\000\137\000a\000l\000o\000n\000g\000\137\000n\000o\000r\000m\000a\000l\000\050\000\051\000\040\000-\000\040\000L\000i\000n\000e\000\040\0008\0005\0006}{subsection.3.5}% 26
\BOOKMARK [3][-]{subsubsection.3.5.7}{\376\377\000c\000r\000e\000a\000t\000e\000\137\000p\000o\000l\000y\000g\000o\000n\000\137\000f\000r\000o\000m\000\137\000p\000r\000o\000j\000e\000c\000t\000i\000o\000n\000\050\000\051\000\040\000-\000\040\000L\000i\000n\000e\000\040\0008\0006\0005}{subsection.3.5}% 27
\BOOKMARK [2][-]{subsection.3.6}{\376\377\000P\000l\000o\000t\000t\000i\000n\000g\000\040\000H\000e\000l\000p\000e\000r\000s}{section.3}% 28
\BOOKMARK [3][-]{subsubsection.3.6.1}{\376\377\000p\000l\000o\000t\000\137\000p\000o\000l\000y\000g\000o\000n\000\050\000\051\000\040\000-\000\040\000L\000i\000n\000e\000\040\0007\0007\0002}{subsection.3.6}% 29
\BOOKMARK [3][-]{subsubsection.3.6.2}{\376\377\000p\000l\000o\000t\000\137\000m\000e\000r\000g\000e\000d\000\137\000c\000o\000n\000n\000e\000c\000t\000i\000v\000i\000t\000y\000\050\000\051\000\040\000-\000\040\000L\000i\000n\000e\000\040\0001\0001\0004}{subsection.3.6}% 30
\BOOKMARK [2][-]{subsection.3.7}{\376\377\000T\000e\000s\000t\000i\000n\000g\000\040\000a\000n\000d\000\040\000U\000n\000u\000s\000e\000d\000\040\000F\000u\000n\000c\000t\000i\000o\000n\000s}{section.3}% 31
\BOOKMARK [3][-]{subsubsection.3.7.1}{\376\377\000b\000u\000i\000l\000d\000\137\000s\000o\000l\000i\000d\000\137\000w\000i\000t\000h\000\137\000p\000o\000l\000y\000g\000o\000n\000s\000\137\000t\000e\000s\000t\000\050\000\051\000\040\000-\000\040\000L\000i\000n\000e\000\040\0002\0004\0003}{subsection.3.7}% 32
\BOOKMARK [3][-]{subsubsection.3.7.2}{\376\377\000U\000n\000u\000s\000e\000d\000\040\000F\000u\000n\000c\000t\000i\000o\000n\000s}{subsection.3.7}% 33
\BOOKMARK [1][-]{section.4}{\376\377\000F\000u\000n\000c\000t\000i\000o\000n\000\040\000R\000e\000l\000a\000t\000i\000o\000n\000s\000h\000i\000p\000\040\000D\000i\000a\000g\000r\000a\000m\000s}{}% 34
\BOOKMARK [2][-]{subsection.4.1}{\376\377\000H\000i\000g\000h\000-\000L\000e\000v\000e\000l\000\040\000A\000r\000c\000h\000i\000t\000e\000c\000t\000u\000r\000e}{section.4}% 35
\BOOKMARK [2][-]{subsection.4.2}{\376\377\000D\000e\000t\000a\000i\000l\000e\000d\000\040\000F\000u\000n\000c\000t\000i\000o\000n\000\040\000C\000a\000l\000l\000\040\000G\000r\000a\000p\000h}{section.4}% 36
\BOOKMARK [2][-]{subsection.4.3}{\376\377\000D\000a\000t\000a\000\040\000F\000l\000o\000w\000\040\000D\000i\000a\000g\000r\000a\000m}{section.4}% 37
\BOOKMARK [1][-]{section.5}{\376\377\000U\000s\000a\000g\000e\000\040\000S\000t\000a\000t\000i\000s\000t\000i\000c\000s}{}% 38
\BOOKMARK [2][-]{subsection.5.1}{\376\377\000F\000u\000n\000c\000t\000i\000o\000n\000\040\000C\000a\000l\000l\000\040\000F\000r\000e\000q\000u\000e\000n\000c\000y\000\040\000T\000a\000b\000l\000e}{section.5}% 39
\BOOKMARK [2][-]{subsection.5.2}{\376\377\000C\000o\000m\000p\000l\000e\000x\000i\000t\000y\000\040\000A\000n\000a\000l\000y\000s\000i\000s}{section.5}% 40
\BOOKMARK [1][-]{section.6}{\376\377\000F\000u\000n\000c\000t\000i\000o\000n\000a\000l\000\040\000C\000a\000t\000e\000g\000o\000r\000i\000e\000s}{}% 41
\BOOKMARK [2][-]{subsection.6.1}{\376\377\000C\000a\000t\000e\000g\000o\000r\000y\000\040\000B\000r\000e\000a\000k\000d\000o\000w\000n}{section.6}% 42
\BOOKMARK [2][-]{subsection.6.2}{\376\377\000C\000o\000r\000e\000\040\000A\000l\000g\000o\000r\000i\000t\000h\000m\000\040\000F\000u\000n\000c\000t\000i\000o\000n\000s}{section.6}% 43
\BOOKMARK [2][-]{subsection.6.3}{\376\377\000G\000e\000o\000m\000e\000t\000r\000y\000\040\000H\000e\000l\000p\000e\000r\000\040\000F\000u\000n\000c\000t\000i\000o\000n\000s}{section.6}% 44
\BOOKMARK [2][-]{subsection.6.4}{\376\377\000V\000i\000s\000u\000a\000l\000i\000z\000a\000t\000i\000o\000n\000\040\000F\000u\000n\000c\000t\000i\000o\000n\000s}{section.6}% 45
\BOOKMARK [1][-]{section.7}{\376\377\000K\000e\000y\000\040\000W\000o\000r\000k\000f\000l\000o\000w\000\040\000S\000e\000q\000u\000e\000n\000c\000e\000s}{}% 46
\BOOKMARK [2][-]{subsection.7.1}{\376\377\000F\000o\000r\000w\000a\000r\000d\000\040\000E\000n\000g\000i\000n\000e\000e\000r\000i\000n\000g\000\040\000\050\000S\000o\000l\000i\000d\000\040\000t\000o\000\040\000V\000i\000e\000w\000s\000\051}{section.7}% 47
\BOOKMARK [2][-]{subsection.7.2}{\376\377\000R\000e\000v\000e\000r\000s\000e\000\040\000E\000n\000g\000i\000n\000e\000e\000r\000i\000n\000g\000\040\000\050\000V\000i\000e\000w\000s\000\040\000t\000o\000\040\000S\000o\000l\000i\000d\000\051}{section.7}% 48
\BOOKMARK [1][-]{section.8}{\376\377\000P\000e\000r\000f\000o\000r\000m\000a\000n\000c\000e\000\040\000C\000o\000n\000s\000i\000d\000e\000r\000a\000t\000i\000o\000n\000s}{}% 49
\BOOKMARK [2][-]{subsection.8.1}{\376\377\000C\000o\000m\000p\000u\000t\000a\000t\000i\000o\000n\000a\000l\000\040\000H\000o\000t\000s\000p\000o\000t\000s}{section.8}% 50
\BOOKMARK [2][-]{subsection.8.2}{\376\377\000M\000e\000m\000o\000r\000y\000\040\000U\000s\000a\000g\000e}{section.8}% 51
\BOOKMARK [1][-]{section.9}{\376\377\000D\000e\000p\000e\000n\000d\000e\000n\000c\000i\000e\000s\000\040\000a\000n\000d\000\040\000I\000m\000p\000o\000r\000t\000s}{}% 52
\BOOKMARK [2][-]{subsection.9.1}{\376\377\000E\000x\000t\000e\000r\000n\000a\000l\000\040\000L\000i\000b\000r\000a\000r\000i\000e\000s}{section.9}% 53
\BOOKMARK [2][-]{subsection.9.2}{\376\377\000I\000n\000t\000e\000r\000n\000a\000l\000\040\000M\000o\000d\000u\000l\000e\000s}{section.9}% 54
\BOOKMARK [1][-]{section.10}{\376\377\000R\000e\000c\000o\000m\000m\000e\000n\000d\000a\000t\000i\000o\000n\000s}{}% 55
\BOOKMARK [2][-]{subsection.10.1}{\376\377\000C\000o\000d\000e\000\040\000Q\000u\000a\000l\000i\000t\000y\000\040\000I\000m\000p\000r\000o\000v\000e\000m\000e\000n\000t\000s}{section.10}% 56
\BOOKMARK [2][-]{subsection.10.2}{\376\377\000P\000e\000r\000f\000o\000r\000m\000a\000n\000c\000e\000\040\000O\000p\000t\000i\000m\000i\000z\000a\000t\000i\000o\000n}{section.10}% 57
\BOOKMARK [2][-]{subsection.10.3}{\376\377\000A\000r\000c\000h\000i\000t\000e\000c\000t\000u\000r\000e\000\040\000I\000m\000p\000r\000o\000v\000e\000m\000e\000n\000t\000s}{section.10}% 58
\BOOKMARK [1][-]{section.11}{\376\377\000C\000o\000n\000c\000l\000u\000s\000i\000o\000n}{}% 59
\BOOKMARK [2][-]{subsection.11.1}{\376\377\000S\000t\000r\000e\000n\000g\000t\000h\000s}{section.11}% 60
\BOOKMARK [2][-]{subsection.11.2}{\376\377\000A\000r\000e\000a\000s\000\040\000f\000o\000r\000\040\000I\000m\000p\000r\000o\000v\000e\000m\000e\000n\000t}{section.11}% 61
\BOOKMARK [2][-]{subsection.11.3}{\376\377\000C\000r\000i\000t\000i\000c\000a\000l\000\040\000F\000u\000n\000c\000t\000i\000o\000n\000s}{section.11}% 62
\BOOKMARK [1][-]{appendix.A}{\376\377\000F\000u\000n\000c\000t\000i\000o\000n\000\040\000R\000e\000f\000e\000r\000e\000n\000c\000e\000\040\000Q\000u\000i\000c\000k\000\040\000G\000u\000i\000d\000e}{}% 63
